{"body":{"messages":[{"@type":"/cosmos.staking.v1beta1.MsgCreateValidator","description":{"moniker":"hub_sequencer","identity":"","website":"","security_contact":"","details":""},"commission":{"rate":"0.100000000000000000","max_rate":"0.200000000000000000","max_change_rate":"0.010000000000000000"},"min_self_delegation":"1","delegator_address":"ethm1lg494fsvlznfqnmjp3ux7h52rh59j3l7l7y3jg","validator_address":"ethmvaloper1lg494fsvlznfqnmjp3ux7h52rh59j3l7swwa24","pubkey":{"@type":"/cosmos.crypto.ed25519.PubKey","key":"aeGRXQyp2n14AGAMMRvfx5pSn433gzAYDP3fUhe7PVc="},"value":{"denom":"adym","amount":"500000000000000000000000000"}}],"memo":"176f55795af8f10e491db67a5256457817c7c5e1@192.168.1.12:26656","timeout_height":"0","extension_options":[],"non_critical_extension_options":[]},"auth_info":{"signer_infos":[{"public_key":{"@type":"/ethermint.crypto.v1.ethsecp256k1.PubKey","key":"AoyjSOcURvhaysJi7KEOswMtJrUUmEGFa9mNbeC2gwJd"},"mode_info":{"single":{"mode":"SIGN_MODE_DIRECT"}},"sequence":"0"}],"fee":{"amount":[],"gas_limit":"200000","payer":"","granter":""},"tip":null},"signatures":["1Lk6euTnb/w1bTZ63NKWAhC61RCNCKA7k3BdFHs6d0pjcVcnfqQHqGA/7KKyxJHtdqQtqIoa4vBMjbbPQojX6wE="]}
