app-db-backend = ""
halt-height = 0
halt-time = 0
iavl-cache-size = 781250
iavl-disable-fastnode = false
iavl-lazy-loading = false
index-events = []
inter-block-cache = true
min-retain-blocks = 0
minimum-gas-prices = "0udym"
pruning = "custom"
pruning-interval = "18000"
pruning-keep-recent = "6048000"

[api]
  address = "tcp://0.0.0.0:1317"
  enable = true
  enabled-unsafe-cors = true
  max-open-connections = 1000
  rpc-max-body-bytes = 1000000
  rpc-read-timeout = 10
  rpc-write-timeout = 0
  swagger = false

[evm]
  max-tx-gas-wanted = 0
  tracer = ""

[grpc]
  address = "0.0.0.0:9090"
  enable = true
  max-recv-msg-size = "10485760"
  max-send-msg-size = "2147483647"

[grpc-web]
  address = "0.0.0.0:9091"
  enable = true
  enable-unsafe-cors = false

[json-rpc]
  address = "0.0.0.0:8545"
  allow-unprotected-txs = false
  api = "eth,net,web3"
  block-range-cap = 10000
  enable = true
  enable-indexer = false
  evm-timeout = "5s"
  feehistory-cap = 100
  filter-cap = 200
  fix-revert-gas-refund-height = 0
  gas-cap = 25000000
  http-idle-timeout = "2m0s"
  http-timeout = "30s"
  logs-cap = 10000
  max-open-connections = 0
  metrics-address = "127.0.0.1:6065"
  txfee-cap = 1
  ws-address = "0.0.0.0:8546"

[rosetta]
  address = ":8080"
  blockchain = "app"
  denom-to-suggest = "uatom"
  enable = false
  enable-fee-suggestion = false
  gas-to-suggest = 200000
  network = "network"
  offline = false
  retries = 3

[state-sync]
  snapshot-interval = 0
  snapshot-keep-recent = 2

[store]
  streamers = []

[streamers]

  [streamers.file]
    fsync = "false"
    keys = ["*"]
    output-metadata = "true"
    prefix = ""
    stop-node-on-error = "true"
    write_dir = ""

[telemetry]
  enable-hostname = false
  enable-hostname-label = false
  enable-service-label = false
  enabled = false
  global-labels = []
  prometheus-retention-time = 0
  service-name = ""

[tls]
  certificate-path = ""
  key-path = ""
