{"body":{"messages":[{"@type":"/cosmos.staking.v1beta1.MsgCreateValidator","description":{"moniker":"hub_sequencer","identity":"","website":"","security_contact":"","details":""},"commission":{"rate":"0.100000000000000000","max_rate":"0.200000000000000000","max_change_rate":"0.010000000000000000"},"min_self_delegation":"1","delegator_address":"ethm1fhnj5f0ghtlju5cd8zrdrky7cn7rfjh4d4mwsw","validator_address":"ethmvaloper1fhnj5f0ghtlju5cd8zrdrky7cn7rfjh4z93zgn","pubkey":{"@type":"/cosmos.crypto.ed25519.PubKey","key":"0/ApLj1BjXdNQS2Uy3phsKs9U/N0+2CZDCDJhSwbJ6M="},"value":{"denom":"adym","amount":"500000000000000000000"}}],"memo":"12efb22549939e77485f2189c550f9d5810ac896@192.168.1.12:26656","timeout_height":"0","extension_options":[],"non_critical_extension_options":[]},"auth_info":{"signer_infos":[{"public_key":{"@type":"/ethermint.crypto.v1.ethsecp256k1.PubKey","key":"Audm6qmAO/cyHKgKjvLWWe/rfVYICii/pVOePKSdcG3h"},"mode_info":{"single":{"mode":"SIGN_MODE_DIRECT"}},"sequence":"0"}],"fee":{"amount":[],"gas_limit":"200000","payer":"","granter":""},"tip":null},"signatures":["PVm+sMhJWsYZ3aIjMbKkiehX15kmsUbMLM4vVN9MFsVNV3smgm4BH/jc+zpd+Fbc/zwPuR0Aw1m2/L9+pOjPqwA="]}
