aggregator = "true"
batch_submit_max_time = "100s"
block_batch_max_size_bytes = 500000
block_batch_size = "500"
block_time = "0.2s"
da_config = "PLACEHOLDER_DA_CONFIG"
da_layer = "celestia"
dym_account_name = "hub_sequencer"
empty_blocks_max_time = "3600s"
gas_fees = ""
gas_limit = 0
gas_prices = "0udym"
keyring_backend = "test"
keyring_home_dir = "PLACEHOLDER_KEYRING_HOME_DIR"
namespace_id = "PLACEHOLDER_NAMESPACE_ID"
node_address = "http://localhost:36657"
rollapp_id = "mars_1238-1"
settlement_layer = "dymension"

[instrumentation]
  prometheus = true
  prometheus_listen_addr = ":2112"
