{
  "genesis_time": "PLACEHOLDER_TIMESTAMP",
  "chain_id": "mars_1_1",
  "initial_height": "1",
  "consensus_params": {
    "block": {
      "max_bytes": "22020096",
      "max_gas": "40000000",
      "time_iota_ms": "1000"
    },
    "evidence": {
      "max_age_num_blocks": "100000",
      "max_age_duration": "172800000000000",
      "max_bytes": "1048576"
    },
    "validator": {
      "pub_key_types": [
        "ed25519"
      ]
    },
    "version": {}
  },
  "app_hash": "",
  "app_state": {
    "auth": {
      "params": {
        "max_memo_characters": "256",
        "tx_sig_limit": "7",
        "tx_size_cost_per_byte": "10",
        "sig_verify_cost_ed25519": "590",
        "sig_verify_cost_secp256k1": "1000"
      },
      "accounts": [
        {
          "@type": "/ethermint.types.v1.EthAccount",
          "base_account": {
            "address": "PLACEHOLDER_ADDRESS",
            "pub_key": null,
            "account_number": "0",
            "sequence": "0"
          },
          "code_hash": "0xc5d2460186f7233c927e7db2dcc703c0e500b653ca82273b7bfad8045d85a470"
        }
      ]
    },
    "authz": {
      "authorization": []
    },
    "bank": {
      "params": {
        "send_enabled": [],
        "default_send_enabled": true
      },
      "balances": [
        {
          "address": "PLACEHOLDER_ADDRESS",
          "coins": [
            {
              "denom": "udym",
              "amount": "1000000000000000000000000000"
            }
          ]
        }
      ],
      "supply": [
        {
          "denom": "udym",
          "amount": "1000000000000000000000000000"
        }
      ],
      "denom_metadata": []
    },
    "capability": {
      "index": "1",
      "owners": []
    },
    "claims": {
      "params": {
        "enable_claims": true,
        "airdrop_start_time": "0001-01-01T00:00:00Z",
        "duration_until_decay": "2629800s",
        "duration_of_decay": "5259600s",
        "claims_denom": "aevmos",
        "authorized_channels": [
          "channel-0",
          "channel-3"
        ],
        "evm_channels": [
          "channel-2"
        ]
      },
      "claims_records": []
    },
    "crisis": {
      "constant_fee": {
        "denom": "udym",
        "amount": "1000"
      }
    },
    "distribution": {
      "params": {
        "community_tax": "0.00002",
        "base_proposer_reward": "0.8",
        "bonus_proposer_reward": "0.040000000000000000",
        "withdraw_addr_enabled": true
      },
      "fee_pool": {
        "community_pool": []
      },
      "delegator_withdraw_infos": [],
      "previous_proposer": "",
      "outstanding_rewards": [],
      "validator_accumulated_commissions": [],
      "validator_historical_rewards": [],
      "validator_current_rewards": [],
      "delegator_starting_infos": [],
      "validator_slash_events": []
    },
    "erc20": {
      "params": {
        "enable_erc20": true,
        "enable_evm_hook": true
      },
      "token_pairs": []
    },
    "evm": {
      "accounts": [],
      "params": {
        "evm_denom": "udym",
        "enable_create": true,
        "enable_call": true,
        "extra_eips": [],
        "chain_config": {
          "homestead_block": "0",
          "dao_fork_block": "0",
          "dao_fork_support": true,
          "eip150_block": "0",
          "eip150_hash": "0x0000000000000000000000000000000000000000000000000000000000000000",
          "eip155_block": "0",
          "eip158_block": "0",
          "byzantium_block": "0",
          "constantinople_block": "0",
          "petersburg_block": "0",
          "istanbul_block": "0",
          "muir_glacier_block": "0",
          "berlin_block": "0",
          "london_block": "0",
          "arrow_glacier_block": "0",
          "gray_glacier_block": "0",
          "merge_netsplit_block": "0",
          "shanghai_block": "0",
          "cancun_block": "0"
        },
        "allow_unprotected_txs": false
      }
    },
    "feegrant": {
      "allowances": []
    },
    "feemarket": {
      "params": {
        "no_base_fee": true,
        "base_fee_change_denominator": 8,
        "elasticity_multiplier": 2,
        "enable_height": "0",
        "base_fee": "1000000000",
        "min_gas_price": "0.000000000000000000",
        "min_gas_multiplier": "0.500000000000000000"
      },
      "block_gas": "0"
    },
    "genutil": {
      "gen_txs": []
    },
    "gov": {
      "starting_proposal_id": "1",
      "deposits": [],
      "votes": [],
      "proposals": [],
      "deposit_params": {
        "min_deposit": [
          {
            "denom": "udym",
            "amount": "10000000"
          }
        ],
        "max_deposit_period": "172800s"
      },
      "voting_params": {
        "voting_period": "300s"
      },
      "tally_params": {
        "quorum": "0.334000000000000000",
        "threshold": "0.500000000000000000",
        "veto_threshold": "0.334000000000000000"
      }
    },
    "group": {
      "group_seq": "0",
      "groups": [],
      "group_members": [],
      "group_policy_seq": "0",
      "group_policies": [],
      "proposal_seq": "0",
      "proposals": [],
      "votes": []
    },
    "ibc": {
      "client_genesis": {
        "clients": [],
        "clients_consensus": [],
        "clients_metadata": [],
        "params": {
          "allowed_clients": [
            "01-dymint",
            "06-solomachine",
            "07-tendermint"
          ]
        },
        "create_localhost": false,
        "next_client_sequence": "0"
      },
      "connection_genesis": {
        "connections": [],
        "client_connection_paths": [],
        "next_connection_sequence": "0",
        "params": {
          "max_expected_time_per_block": "30000000000"
        }
      },
      "channel_genesis": {
        "channels": [],
        "acknowledgements": [],
        "commitments": [],
        "receipts": [],
        "send_sequences": [],
        "recv_sequences": [],
        "ack_sequences": [],
        "next_channel_sequence": "0"
      }
    },
    "params": null,
    "sequencers": {
      "params": {
        "unbonding_time": "1814400s",
        "max_sequencers": 1,
        "historical_entries": 10000
      },
      "sequencers": [],
      "exported": false
    },
    "staking": {
      "params": {
        "unbonding_time": "3628800s",
        "max_validators": 100,
        "max_entries": 7,
        "historical_entries": 10000,
        "bond_denom": "udym",
        "min_commission_rate": "0.050000000000000000"
      },
      "last_total_power": "0",
      "last_validator_powers": [],
      "validators": [],
      "delegations": [],
      "unbonding_delegations": [],
      "redelegations": [],
      "exported": false
    },
    "transfer": {
      "port_id": "transfer",
      "denom_traces": [],
      "params": {
        "send_enabled": true,
        "receive_enabled": true
      }
    },
    "upgrade": {},
    "vesting": {}
  ,"mint":{"params":{"mint_denom":"udym","blocks_per_year":"157680000"}}}
}